../Drivers/CMSIS/Include/core_cm0.h:623:22:__NVIC_EnableIRQ	16	static
../Core/Src/main.c:44:5:CalculatePWMFromRPM	48	static
../Core/Src/main.c:63:6:setupTimer1PWM	8	static
../Core/Src/main.c:77:6:StartRPMMeasurement	8	static
../Core/Src/main.c:83:7:CalculateRPM	32	static
../Core/Src/main.c:99:7:CalculateMovingAverage	16	static
../Core/Src/main.c:109:6:initGPIO	8	static
../Core/Src/main.c:141:6:initRotaryEncoder	8	static
../Core/Src/main.c:150:6:EXTI4_15_IRQHandler	16	static
../Core/Src/main.c:183:6:TIM2_IRQHandler	8	static
../Core/Src/main.c:190:6:EnableClocks	8	static
../Core/Src/main.c:195:6:ConfigureGPIOAForTIM2	8	static
../Core/Src/main.c:205:6:ConfigureTIM2	8	static
../Core/Src/main.c:226:7:CalculateSpeedKmH	32	static
../Core/Src/main.c:241:5:main	80	static
../Core/Src/main.c:343:6:SystemClock_Config	104	static
../Core/Src/main.c:375:13:MX_I2C1_Init	8	static
../Core/Src/main.c:403:6:Error_Handler	8	static,ignoring_inline_asm
